
User@MSI MINGW64 /d/github/myproject (main)
$ git push origin main
Enumerating objects: 6, done.
Counting objects: 100% (6/6), done.
Delta compression using up to 12 threads
Compressing objects: 100% (4/4), done.
Writing objects: 100% (5/5), 475 bytes | 475.00 KiB/s, done.
Total 5 (delta 1), reused 0 (delta 0), pack-reused 0
remote: Resolving deltas: 100% (1/1), done.
To https://github.com/PREAPNy123/myproject.git
   85e53cd..262a82e  main -> main

User@MSI MINGW64 /d/github/myproject (main)
$ git status
On branch main
Your branch is up to date with 'origin/main'.

nothing to commit, working tree clean

User@MSI MINGW64 /d/github/myproject (main)
$ ls
README.md  index.php  user.dart

User@MSI MINGW64 /d/github/myproject (main)
$ git checkout -b preabny
Switched to a new branch 'preabny'

User@MSI MINGW64 /d/github/myproject (preabny)
$ mkdir preabny

User@MSI MINGW64 /d/github/myproject (preabny)
$ cd preabny/

User@MSI MINGW64 /d/github/myproject/preabny (preabny)
$ touch test.txt index.dart

User@MSI MINGW64 /d/github/myproject/preabny (preabny)
$ cd ..

User@MSI MINGW64 /d/github/myproject (preabny)
$ git add preabny/

User@MSI MINGW64 /d/github/myproject (preabny)
$ git commit -m 'add preabny'
[preabny cdf0957] add preabny
 2 files changed, 0 insertions(+), 0 deletions(-)
 create mode 100644 preabny/index.dart
 create mode 100644 preabny/test.txt

User@MSI MINGW64 /d/github/myproject (preabny)
$ git push origin preabny
Enumerating objects: 4, done.
Counting objects: 100% (4/4), done.
Delta compression using up to 12 threads
Compressing objects: 100% (3/3), done.
Writing objects: 100% (3/3), 382 bytes | 382.00 KiB/s, done.
Total 3 (delta 0), reused 0 (delta 0), pack-reused 0
remote:
remote: Create a pull request for 'preabny' on GitHub by visiting:
remote:      https://github.com/PREAPNy123/myproject/pull/new/preabny
remote:
To https://github.com/PREAPNy123/myproject.git
 * [new branch]      preabny -> preabny

User@MSI MINGW64 /d/github/myproject (preabny)
$ git checkout preabny
Already on 'preabny'

User@MSI MINGW64 /d/github/myproject (preabny)
$ git checkout main
Switched to branch 'main'
Your branch is up to date with 'origin/main'.

User@MSI MINGW64 /d/github/myproject (main)
$ git checkout preabny
Switched to branch 'preabny'

User@MSI MINGW64 /d/github/myproject (preabny)
$ git branch
  main
* preabny

User@MSI MINGW64 /d/github/myproject (preabny)
$ git checkout main
Switched to branch 'main'
Your branch is up to date with 'origin/main'.

User@MSI MINGW64 /d/github/myproject (main)
$ git checkout -b preabny
